Microchip MPLAB XC8 Compiler V3.10

Linker command line:

-W-3 \
  --edf=C:\Program Files\Microchip\xc8\v3.10\pic\dat\20250813170317_en.msgs \
  -cn -h+dist/default/production\uart_adc.X.production.sym \
  --cmf=dist/default/production\uart_adc.X.production.cmf -z -Q16F877A \
  -oC:\Users\pavan\AppData\Local\Temp\xcAsi2g.0\driver_tmp_3.o \
  --defsym=__MPLAB_BUILD=1 --fixupoverflow=error \
  -Mdist/default/production/uart_adc.X.production.map \
  --md=C:\Users\pavan\AppData\Local\Temp\xcAsi2g.0\driver_tmp_0.dat -E1 \
  -ver=XC8 Compiler -ACODE=00h-07FFhx4 -ASTRCODE=00h-01FFFh \
  -ASTRING=00h-0FFhx32 -ACONST=00h-0FFhx32 -AENTRY=00h-0FFhx32 \
  -ACOMMON=070h-07Fh -ABANK0=020h-06Fh -ABANK1=0A0h-0EFh \
  -ABANK2=0110h-016Fh -ABANK3=0190h-01EFh \
  -ARAM=020h-06Fh,0A0h-0EFh,0110h-016Fh,0190h-01EFh \
  -AABS1=020h-07Fh,0A0h-0EFh,0110h-016Fh,0190h-01EFh -ASFR0=00h-01Fh \
  -ASFR1=080h-09Fh -ASFR2=0100h-010Fh -ASFR3=0180h-018Fh \
  -ACONFIG=02007h-02007h -DCONFIG=2 -AIDLOC=02000h-02003h -DIDLOC=2 \
  -AEEDATA=00h-0FFh/02100h -peeprom_data=EEDATA -DEEDATA=2 -DCODE=2 \
  -DSTRCODE=2 -DSTRING=2 -DCONST=2 -DENTRY=2 \
  -preset_vec=00h,intentry,sivt,init,end_init -ppowerup=CODE -pcinit=CODE \
  -pfunctab=ENTRY -k \
  C:\Users\pavan\AppData\Local\Temp\xcAsi2g.0\driver_tmp_12.o \
  dist/default/production\uart_adc.X.production.o 

Object code version is 3.11

Machine type is 16F877A



                Name                               Link     Load   Length Selector   Space Scale
C:\Users\pavan\AppData\Local\Temp\xcAsi2g.0\driver_tmp_12.o
                end_init                              0        0        3        0       0
                config                             2007     2007        1        0       4
dist/default/production\uart_adc.X.production.o
                cinit                               7FC      7FC        4      FF8       0
                config                             2007     2007        1        0       4
                text16                              C14      C14        9     1828       0
                text15                              C71      C71       27     18E2       0
                text14                                4        4        F        8       0
                text13                              C1D      C1D        A     183A       0
                text12                              C4B      C4B       26     1896       0
                text11                               94       94      1CA      128       0
                text10                              C98      C98       27     1930       0
                text9                               4BA      4BA      342      974       0
                text8                               25E      25E      25C      4BC       0
                text7                               C27      C27       24     184E       0
                text6                               D39      D39       76     1A72       0
                text5                               E60      E60       B4     1CC0       0
                text4                               CF7      CF7       42     19EE       0
                text3                               CBF      CBF       38     197E       0
                text2                                13       13       81       26       0
                text1                               DAF      DAF       B1     1B5E       0
                maintext                            F14      F14       EC     1E28       0
                cstackBANK0                          20       20       49       20       1
                cstackCOMMON                         70       70        E       70       1
                cstackBANK1                          A0       A0       16       A0       1
                strings                             800      800       3A     1000       0

TOTAL           Name                               Link     Load   Length     Space
        CLASS   CODE           
                end_init                              0        0        3         0
                cinit                               7FC      7FC        4         0
                text16                              C14      C14        9         0
                text15                              C71      C71       27         0
                text14                                4        4        F         0
                text13                              C1D      C1D        A         0
                text12                              C4B      C4B       26         0
                text11                               94       94      1CA         0
                text10                              C98      C98       27         0
                text9                               4BA      4BA      342         0
                text8                               25E      25E      25C         0
                text7                               C27      C27       24         0
                text6                               D39      D39       76         0
                text5                               E60      E60       B4         0
                text4                               CF7      CF7       42         0
                text3                               CBF      CBF       38         0
                text2                                13       13       81         0
                text1                               DAF      DAF       B1         0
                maintext                            F14      F14       EC         0

        CLASS   STRCODE        

        CLASS   STRING         
                strings                             800      800       3A         0

        CLASS   CONST          

        CLASS   ENTRY          

        CLASS   COMMON         
                cstackCOMMON                         70       70        E         1

        CLASS   BANK0          
                cstackBANK0                          20       20       49         1

        CLASS   BANK1          
                cstackBANK1                          A0       A0       16         1

        CLASS   BANK2          

        CLASS   BANK3          

        CLASS   RAM            

        CLASS   ABS1           
                abs_s1                               7E       7E        2         1

        CLASS   SFR0           

        CLASS   SFR1           

        CLASS   SFR2           

        CLASS   SFR3           

        CLASS   CONFIG         
                config                             2007     2007        1         4

        CLASS   IDLOC          

        CLASS   EEDATA         

        CLASS   HEAP           

        CLASS   STACK          



SEGMENTS        Name                           Load    Length   Top    Selector   Space  Class     Delta

                reset_vec                      000000  000003  000003         0       0  CODE        2
                text14                         000004  00000F  000013         8       0  CODE        2
                cstackBANK0                    000020  000049  000069        20       1  BANK0       1
                text2                          000013  000081  000094        26       0  CODE        2
                cstackCOMMON                   000070  00000E  00007E        70       1  COMMON      1
                cstackBANK1                    0000A0  000016  0000B6        A0       1  BANK1       1
                text11                         000094  0001CA  00025E       128       0  CODE        2
                text8                          00025E  00025C  0004BA       4BC       0  CODE        2
                text9                          0004BA  000342  0007FC       974       0  CODE        2
                cinit                          0007FC  000004  000800       FF8       0  CODE        2
                strings                        000800  00003A  00083A      1000       0  STRING      2
                text16                         000C14  000009  000C1D      1828       0  CODE        2
                text13                         000C1D  00000A  000C27      183A       0  CODE        2
                text7                          000C27  000024  000C4B      184E       0  CODE        2
                text12                         000C4B  000026  000C71      1896       0  CODE        2
                text15                         000C71  000027  000C98      18E2       0  CODE        2
                text10                         000C98  000027  000CBF      1930       0  CODE        2
                text3                          000CBF  000038  000CF7      197E       0  CODE        2
                text4                          000CF7  000042  000D39      19EE       0  CODE        2
                text6                          000D39  000076  000DAF      1A72       0  CODE        2
                text1                          000DAF  0000B1  000E60      1B5E       0  CODE        2
                text5                          000E60  0000B4  000F14      1CC0       0  CODE        2
                maintext                       000F14  0000EC  001000      1E28       0  CODE        2


UNUSED ADDRESS RANGES

        Name                Unused          Largest block    Delta
        BANK0            0069-006F              7           1
        BANK1            00B6-00EF             3A           1
        BANK2            0110-016F             60           1
        BANK3            0190-01EF             60           1
        CODE             0003-0003              1           2
                         083A-0C13            3DA
                         1000-1FFF            800
        CONST            0003-0003              1           2
                         083A-0C13            100
                         1000-1FFF            100
        EEDATA           2100-21FF            100           2
        ENTRY            0003-0003              1           2
                         083A-0C13            100
                         1000-1FFF            100
        IDLOC            2000-2003              4           2
        RAM              0069-006F              7           1
                         00B6-00EF             3A
                         0110-016F             60
                         0190-01EF             60
        SFR0             0000-001F             20           1
        SFR1             0080-009F             20           1
        SFR2             0100-010F             10           1
        SFR3             0180-018F             10           1
        STRCODE          0003-0003              1           2
                         083A-0C13            3DA
                         1000-1FFF           1000
        STRING           0003-0003              1           2
                         083A-0C13            100
                         1000-1FFF            100

                                  Symbol Table

?_ADC_Read               cstackCOMMON 0070
?__Umul8_16              cstackCOMMON 0070
?___fladd                cstackCOMMON 0070
?___fldiv                cstackBANK0  004A
?___flmul                cstackBANK0  0030
?___flsub                cstackBANK0  0028
?___fltol                cstackBANK0  004A
?___lwdiv                cstackCOMMON 0070
?___lwmod                cstackCOMMON 0070
?___xxtofl               cstackCOMMON 0070
ADC_Read@channel         cstackCOMMON 0074
UART_TxChar@data         cstackCOMMON 0070
UART_TxString@str        cstackCOMMON 0071
_ADCON0                  (abs)        001F
_ADCON1                  (abs)        009F
_ADC_Init                text16       0C14
_ADC_Read                text15       0C71
_ADRESH                  (abs)        001E
_ADRESL                  (abs)        009E
_GO_nDONE                (abs)        00FA
_RCSTA                   (abs)        0018
_SPBRG                   (abs)        0099
_TRISA                   (abs)        0085
_TRISC6                  (abs)        043E
_TRISC7                  (abs)        043F
_TXIF                    (abs)        0064
_TXREG                   (abs)        0019
_TXSTA                   (abs)        0098
_UART_Init               text14       0004
_UART_TxChar             text13       0C1D
_UART_TxString           text12       0C4B
__H__absolute__          __absolute__ 0000
__Habs1                  abs1         0000
__Hbank0                 bank0        0000
__Hbank1                 bank1        0000
__Hbank2                 bank2        0000
__Hbank3                 bank3        0000
__Hcinit                 cinit        0800
__Hclrtext               clrtext      0000
__Hcode                  code         0000
__Hcommon                common       0000
__Hconfig                config       2008
__HcstackBANK0           cstackBANK0  0000
__HcstackBANK1           cstackBANK1  0000
__HcstackCOMMON          cstackCOMMON 0000
__Heeprom_data           eeprom_data  0000
__Hend_init              end_init     0003
__Hfunctab               functab      0000
__Hheap                  heap         0000
__Hinit                  init         0000
__Hintentry              intentry     0000
__Hmaintext              maintext     0000
__Hpowerup               powerup      0000
__Hram                   ram          0000
__Hreset_vec             reset_vec    0000
__Hsfr0                  sfr0         0000
__Hsfr1                  sfr1         0000
__Hsfr2                  sfr2         0000
__Hsfr3                  sfr3         0000
__Hsivt                  sivt         0000
__Hspace_0               (abs)        1000
__Hspace_1               (abs)        00B6
__Hspace_2               (abs)        0000
__Hspace_3               (abs)        0000
__Hspace_4               (abs)        400F
__Hstack                 stack        0000
__Hstrings               strings      0000
__Htext                  text         0000
__L__absolute__          __absolute__ 0000
__Labs1                  abs1         0000
__Lbank0                 bank0        0000
__Lbank1                 bank1        0000
__Lbank2                 bank2        0000
__Lbank3                 bank3        0000
__Lcinit                 cinit        07FC
__Lclrtext               clrtext      0000
__Lcode                  code         0000
__Lcommon                common       0000
__Lconfig                config       0000
__LcstackBANK0           cstackBANK0  0000
__LcstackBANK1           cstackBANK1  0000
__LcstackCOMMON          cstackCOMMON 0000
__Leeprom_data           eeprom_data  0000
__Lend_init              end_init     0000
__Lfunctab               functab      0000
__Lheap                  heap         0000
__Linit                  init         0000
__Lintentry              intentry     0000
__Lmaintext              maintext     0000
__Lpowerup               powerup      0000
__Lram                   ram          0000
__Lreset_vec             reset_vec    0000
__Lsfr0                  sfr0         0000
__Lsfr1                  sfr1         0000
__Lsfr2                  sfr2         0000
__Lsfr3                  sfr3         0000
__Lsivt                  sivt         0000
__Lspace_0               (abs)        0000
__Lspace_1               (abs)        0000
__Lspace_2               (abs)        0000
__Lspace_3               (abs)        0000
__Lspace_4               (abs)        0000
__Lstack                 stack        0000
__Lstrings               strings      0000
__Ltext                  text         0000
__S0                     (abs)        1000
__S1                     (abs)        00B6
__S3                     (abs)        0000
__Umul8_16               text10       0C98
__Umul8_16@multiplicand  cstackCOMMON 0070
__Umul8_16@multiplier    cstackCOMMON 0078
__Umul8_16@product       cstackCOMMON 0074
__Umul8_16@word_mpld     cstackCOMMON 0076
___fladd                 text8        025E
___fladd@a               cstackCOMMON 0074
___fladd@aexp            cstackCOMMON 0079
___fladd@b               cstackCOMMON 0070
___fladd@bexp            cstackCOMMON 007A
___fladd@grs             cstackCOMMON 007B
___fladd@signs           cstackCOMMON 0078
___fldiv                 text11       0094
___fldiv@a               cstackBANK0  004A
___fldiv@aexp            cstackBANK0  0063
___fldiv@b               cstackBANK0  004E
___fldiv@bexp            cstackBANK0  0062
___fldiv@grs             cstackBANK0  005E
___fldiv@new_exp         cstackBANK0  005C
___fldiv@rem             cstackBANK0  0057
___fldiv@sign            cstackBANK0  005B
___flmul                 text9        04BA
___flmul@a               cstackBANK0  0034
___flmul@aexp            cstackBANK0  0042
___flmul@b               cstackBANK0  0030
___flmul@bexp            cstackBANK0  0043
___flmul@grs             cstackBANK0  003E
___flmul@prod            cstackBANK0  0044
___flmul@sign            cstackBANK0  003D
___flmul@temp            cstackBANK0  0048
___flsub                 text7        0C27
___flsub@a               cstackBANK0  0028
___flsub@b               cstackBANK0  002C
___fltol                 text6        0D39
___fltol@exp1            cstackBANK0  0053
___fltol@f1              cstackBANK0  004A
___fltol@sign1           cstackBANK0  0052
___heap_hi               (abs)        0000
___heap_lo               (abs)        0000
___int_sp                stack        0000
___int_stack_hi          stack        0000
___int_stack_lo          stack        0000
___latbits               (abs)        0002
___lwdiv                 text4        0CF7
___lwdiv@counter         cstackCOMMON 0076
___lwdiv@dividend        cstackCOMMON 0072
___lwdiv@divisor         cstackCOMMON 0070
___lwdiv@quotient        cstackCOMMON 0074
___lwmod                 text3        0CBF
___lwmod@counter         cstackCOMMON 0074
___lwmod@dividend        cstackCOMMON 0072
___lwmod@divisor         cstackCOMMON 0070
___sp                    stack        0000
___stack_hi              stack        0000
___stack_lo              stack        0000
___stackhi               (abs)        0000
___stacklo               (abs)        0000
___xxtofl                text5        0E60
___xxtofl@arg            cstackCOMMON 007A
___xxtofl@exp            cstackCOMMON 0079
___xxtofl@sign           cstackCOMMON 0078
___xxtofl@val            cstackCOMMON 0070
__end_of_ADC_Init        text16       0C1D
__end_of_ADC_Read        text15       0C98
__end_of_UART_Init       text14       0013
__end_of_UART_TxChar     text13       0C27
__end_of_UART_TxString   text12       0C71
__end_of__Umul8_16       text10       0CBF
__end_of___fladd         text8        04BA
__end_of___fldiv         text11       025E
__end_of___flmul         text9        07FC
__end_of___flsub         text7        0C4B
__end_of___fltol         text6        0DAF
__end_of___lwdiv         text4        0D39
__end_of___lwmod         text3        0CF7
__end_of___xxtofl        text5        0F14
__end_of__initialization cinit        07FC
__end_of__stringtab      strings      0810
__end_of_floatToString   text1        0E60
__end_of_intToString     text2        0094
__end_of_main            maintext     1000
__initialization         cinit        07FC
__pcstackBANK0           cstackBANK0  0020
__pcstackBANK1           cstackBANK1  00A0
__pcstackCOMMON          cstackCOMMON 0070
__pmaintext              maintext     0F14
__pstrings               strings      0800
__ptext1                 text1        0DAF
__ptext10                text10       0C98
__ptext11                text11       0094
__ptext12                text12       0C4B
__ptext13                text13       0C1D
__ptext14                text14       0004
__ptext15                text15       0C71
__ptext16                text16       0C14
__ptext2                 text2        0013
__ptext3                 text3        0CBF
__ptext4                 text4        0CF7
__ptext5                 text5        0E60
__ptext6                 text6        0D39
__ptext7                 text7        0C27
__ptext8                 text8        025E
__ptext9                 text9        04BA
__stringbase             strings      080F
__stringtab              strings      0800
_floatToString           text1        0DAF
_intToString             text2        0013
_main                    maintext     0F14
btemp                    (abs)        007E
btemp0                   (abs)        007E
btemp1                   (abs)        007F
end_of_initialization    cinit        07FC
floatToString@frac_part  cstackBANK0  0060
floatToString@i          cstackBANK0  0064
floatToString@int_part   cstackBANK0  0062
floatToString@num        cstackBANK0  0054
floatToString@str        cstackBANK0  0058
floatToString@temp       cstackBANK0  005A
intToString@i            cstackBANK0  0028
intToString@j            cstackBANK0  0026
intToString@num          cstackCOMMON 0077
intToString@str          cstackCOMMON 0079
intToString@temp         cstackBANK0  0020
intlevel0                functab      0000
intlevel1                functab      0000
intlevel2                functab      0000
intlevel3                functab      0000
intlevel4                functab      0000
intlevel5                functab      0000
ltemp0a                  (abs)        0080
main@adc_str             cstackBANK1  00AA
main@adc_value           cstackBANK1  00B4
main@temp_str            cstackBANK1  00A0
main@temperature         cstackBANK1  00B0
reset_vec                reset_vec    0000
start                    init         0000
start_initialization     cinit        07FC
ttemp0a                  (abs)        007F
wtemp0                   (abs)        007E
wtemp0a                  (abs)        007F


MODULE INFORMATION

Module		Function		Class		Link	Load	Size
C:\Program Files\Microchip\xc8\v3.10\pic\sources\c99\common\lwmod.c
		___lwmod       		CODE           	0CBF	0000	56

C:\Program Files\Microchip\xc8\v3.10\pic\sources\c99\common\lwmod.c estimated size: 56

newmain.c
		_UART_TxString 		CODE           	0C4B	0000	38
		_intToString   		CODE           	0013	0000	129
		_UART_Init     		CODE           	0004	0000	15
		_main          		CODE           	0F14	0000	236
		_ADC_Read      		CODE           	0C71	0000	39
		_ADC_Init      		CODE           	0C14	0000	9
		_floatToString 		CODE           	0DAF	0000	177
		_UART_TxChar   		CODE           	0C1D	0000	10

newmain.c estimated size: 653

C:\Program Files\Microchip\xc8\v3.10\pic\sources\c99\common\lwdiv.c
		___lwdiv       		CODE           	0CF7	0000	66

C:\Program Files\Microchip\xc8\v3.10\pic\sources\c99\common\lwdiv.c estimated size: 66

C:\Program Files\Microchip\xc8\v3.10\pic\sources\c99\common\fltol.c
		___fltol       		CODE           	0D39	0000	118

C:\Program Files\Microchip\xc8\v3.10\pic\sources\c99\common\fltol.c estimated size: 118

C:\Program Files\Microchip\xc8\v3.10\pic\sources\c99\common\sprcmul.c
		___flmul       		CODE           	04BA	0000	834

C:\Program Files\Microchip\xc8\v3.10\pic\sources\c99\common\sprcmul.c estimated size: 834

C:\Program Files\Microchip\xc8\v3.10\pic\sources\c99\common\Umul8_16.c
		__Umul8_16     		CODE           	0C98	0000	39

C:\Program Files\Microchip\xc8\v3.10\pic\sources\c99\common\Umul8_16.c estimated size: 39

C:\Program Files\Microchip\xc8\v3.10\pic\sources\c99\common\xxtofl.c
		___xxtofl      		CODE           	0E60	0000	180

C:\Program Files\Microchip\xc8\v3.10\pic\sources\c99\common\xxtofl.c estimated size: 180

C:\Program Files\Microchip\xc8\v3.10\pic\sources\c99\common\sprcdiv.c
		___fldiv       		CODE           	0094	0000	458

C:\Program Files\Microchip\xc8\v3.10\pic\sources\c99\common\sprcdiv.c estimated size: 458

shared
		__stringtab    		STRING         	0800	0000	16
		__initialization		CODE           	07FC	0000	1

shared estimated size: 17

C:\Program Files\Microchip\xc8\v3.10\pic\sources\c99\common\sprcadd.c
		___flsub       		CODE           	0C27	0000	36
		___fladd       		CODE           	025E	0000	604

C:\Program Files\Microchip\xc8\v3.10\pic\sources\c99\common\sprcadd.c estimated size: 640

